     0,                  Time [s],                            Time [s]
     1,            delta GENROU 1,                   $\delta$ GENROU 1
     2,            delta GENROU 2,                   $\delta$ GENROU 2
     3,            delta GENROU 3,                   $\delta$ GENROU 3
     4,            delta GENROU 4,                   $\delta$ GENROU 4
     5,            delta GENROU 5,                   $\delta$ GENROU 5
     6,            delta GENROU 6,                   $\delta$ GENROU 6
     7,            delta GENROU 7,                   $\delta$ GENROU 7
     8,            delta GENROU 8,                   $\delta$ GENROU 8
     9,            delta GENROU 9,                   $\delta$ GENROU 9
    10,           delta GENROU 10,                  $\delta$ GENROU 10
    11,            omega GENROU 1,                   $\omega$ GENROU 1
    12,            omega GENROU 2,                   $\omega$ GENROU 2
    13,            omega GENROU 3,                   $\omega$ GENROU 3
    14,            omega GENROU 4,                   $\omega$ GENROU 4
    15,            omega GENROU 5,                   $\omega$ GENROU 5
    16,            omega GENROU 6,                   $\omega$ GENROU 6
    17,            omega GENROU 7,                   $\omega$ GENROU 7
    18,            omega GENROU 8,                   $\omega$ GENROU 8
    19,            omega GENROU 9,                   $\omega$ GENROU 9
    20,           omega GENROU 10,                  $\omega$ GENROU 10
    21,              e1q GENROU 1,                   ${e'_q}$ GENROU 1
    22,              e1q GENROU 2,                   ${e'_q}$ GENROU 2
    23,              e1q GENROU 3,                   ${e'_q}$ GENROU 3
    24,              e1q GENROU 4,                   ${e'_q}$ GENROU 4
    25,              e1q GENROU 5,                   ${e'_q}$ GENROU 5
    26,              e1q GENROU 6,                   ${e'_q}$ GENROU 6
    27,              e1q GENROU 7,                   ${e'_q}$ GENROU 7
    28,              e1q GENROU 8,                   ${e'_q}$ GENROU 8
    29,              e1q GENROU 9,                   ${e'_q}$ GENROU 9
    30,             e1q GENROU 10,                  ${e'_q}$ GENROU 10
    31,              e1d GENROU 1,                   ${e'_d}$ GENROU 1
    32,              e1d GENROU 2,                   ${e'_d}$ GENROU 2
    33,              e1d GENROU 3,                   ${e'_d}$ GENROU 3
    34,              e1d GENROU 4,                   ${e'_d}$ GENROU 4
    35,              e1d GENROU 5,                   ${e'_d}$ GENROU 5
    36,              e1d GENROU 6,                   ${e'_d}$ GENROU 6
    37,              e1d GENROU 7,                   ${e'_d}$ GENROU 7
    38,              e1d GENROU 8,                   ${e'_d}$ GENROU 8
    39,              e1d GENROU 9,                   ${e'_d}$ GENROU 9
    40,             e1d GENROU 10,                  ${e'_d}$ GENROU 10
    41,              e2d GENROU 1,                  ${e''_d}$ GENROU 1
    42,              e2d GENROU 2,                  ${e''_d}$ GENROU 2
    43,              e2d GENROU 3,                  ${e''_d}$ GENROU 3
    44,              e2d GENROU 4,                  ${e''_d}$ GENROU 4
    45,              e2d GENROU 5,                  ${e''_d}$ GENROU 5
    46,              e2d GENROU 6,                  ${e''_d}$ GENROU 6
    47,              e2d GENROU 7,                  ${e''_d}$ GENROU 7
    48,              e2d GENROU 8,                  ${e''_d}$ GENROU 8
    49,              e2d GENROU 9,                  ${e''_d}$ GENROU 9
    50,             e2d GENROU 10,                 ${e''_d}$ GENROU 10
    51,              e2q GENROU 1,                  ${e''_q}$ GENROU 1
    52,              e2q GENROU 2,                  ${e''_q}$ GENROU 2
    53,              e2q GENROU 3,                  ${e''_q}$ GENROU 3
    54,              e2q GENROU 4,                  ${e''_q}$ GENROU 4
    55,              e2q GENROU 5,                  ${e''_q}$ GENROU 5
    56,              e2q GENROU 6,                  ${e''_q}$ GENROU 6
    57,              e2q GENROU 7,                  ${e''_q}$ GENROU 7
    58,              e2q GENROU 8,                  ${e''_q}$ GENROU 8
    59,              e2q GENROU 9,                  ${e''_q}$ GENROU 9
    60,             e2q GENROU 10,                 ${e''_q}$ GENROU 10
    61,      LAG_y TGOV1N TGOV1 1,            $y_{LAG}$ TGOV1N TGOV1 1
    62,      LAG_y TGOV1N TGOV1 2,            $y_{LAG}$ TGOV1N TGOV1 2
    63,      LAG_y TGOV1N TGOV1 3,            $y_{LAG}$ TGOV1N TGOV1 3
    64,      LAG_y TGOV1N TGOV1 4,            $y_{LAG}$ TGOV1N TGOV1 4
    65,      LAG_y TGOV1N TGOV1 5,            $y_{LAG}$ TGOV1N TGOV1 5
    66,      LAG_y TGOV1N TGOV1 6,            $y_{LAG}$ TGOV1N TGOV1 6
    67,      LAG_y TGOV1N TGOV1 7,            $y_{LAG}$ TGOV1N TGOV1 7
    68,      LAG_y TGOV1N TGOV1 8,            $y_{LAG}$ TGOV1N TGOV1 8
    69,      LAG_y TGOV1N TGOV1 9,            $y_{LAG}$ TGOV1N TGOV1 9
    70,     LAG_y TGOV1N TGOV1 10,           $y_{LAG}$ TGOV1N TGOV1 10
    71,       LL_x TGOV1N TGOV1 1,            $x'_{LL}$ TGOV1N TGOV1 1
    72,       LL_x TGOV1N TGOV1 2,            $x'_{LL}$ TGOV1N TGOV1 2
    73,       LL_x TGOV1N TGOV1 3,            $x'_{LL}$ TGOV1N TGOV1 3
    74,       LL_x TGOV1N TGOV1 4,            $x'_{LL}$ TGOV1N TGOV1 4
    75,       LL_x TGOV1N TGOV1 5,            $x'_{LL}$ TGOV1N TGOV1 5
    76,       LL_x TGOV1N TGOV1 6,            $x'_{LL}$ TGOV1N TGOV1 6
    77,       LL_x TGOV1N TGOV1 7,            $x'_{LL}$ TGOV1N TGOV1 7
    78,       LL_x TGOV1N TGOV1 8,            $x'_{LL}$ TGOV1N TGOV1 8
    79,       LL_x TGOV1N TGOV1 9,            $x'_{LL}$ TGOV1N TGOV1 9
    80,      LL_x TGOV1N TGOV1 10,           $x'_{LL}$ TGOV1N TGOV1 10
    81,               vp IEEEX1 1,                      $V_p$ IEEEX1 1
    82,               vp IEEEX1 2,                      $V_p$ IEEEX1 2
    83,               vp IEEEX1 3,                      $V_p$ IEEEX1 3
    84,               vp IEEEX1 4,                      $V_p$ IEEEX1 4
    85,               vp IEEEX1 5,                      $V_p$ IEEEX1 5
    86,               vp IEEEX1 6,                      $V_p$ IEEEX1 6
    87,               vp IEEEX1 7,                      $V_p$ IEEEX1 7
    88,               vp IEEEX1 8,                      $V_p$ IEEEX1 8
    89,               vp IEEEX1 9,                      $V_p$ IEEEX1 9
    90,              vp IEEEX1 10,                     $V_p$ IEEEX1 10
    91,             LS_y IEEEX1 1,                   $y_{LS}$ IEEEX1 1
    92,             LS_y IEEEX1 2,                   $y_{LS}$ IEEEX1 2
    93,             LS_y IEEEX1 3,                   $y_{LS}$ IEEEX1 3
    94,             LS_y IEEEX1 4,                   $y_{LS}$ IEEEX1 4
    95,             LS_y IEEEX1 5,                   $y_{LS}$ IEEEX1 5
    96,             LS_y IEEEX1 6,                   $y_{LS}$ IEEEX1 6
    97,             LS_y IEEEX1 7,                   $y_{LS}$ IEEEX1 7
    98,             LS_y IEEEX1 8,                   $y_{LS}$ IEEEX1 8
    99,             LS_y IEEEX1 9,                   $y_{LS}$ IEEEX1 9
   100,            LS_y IEEEX1 10,                  $y_{LS}$ IEEEX1 10
   101,             LL_x IEEEX1 1,                  $x'_{LL}$ IEEEX1 1
   102,             LL_x IEEEX1 2,                  $x'_{LL}$ IEEEX1 2
   103,             LL_x IEEEX1 3,                  $x'_{LL}$ IEEEX1 3
   104,             LL_x IEEEX1 4,                  $x'_{LL}$ IEEEX1 4
   105,             LL_x IEEEX1 5,                  $x'_{LL}$ IEEEX1 5
   106,             LL_x IEEEX1 6,                  $x'_{LL}$ IEEEX1 6
   107,             LL_x IEEEX1 7,                  $x'_{LL}$ IEEEX1 7
   108,             LL_x IEEEX1 8,                  $x'_{LL}$ IEEEX1 8
   109,             LL_x IEEEX1 9,                  $x'_{LL}$ IEEEX1 9
   110,            LL_x IEEEX1 10,                 $x'_{LL}$ IEEEX1 10
   111,             LA_y IEEEX1 1,                   $y_{LA}$ IEEEX1 1
   112,             LA_y IEEEX1 2,                   $y_{LA}$ IEEEX1 2
   113,             LA_y IEEEX1 3,                   $y_{LA}$ IEEEX1 3
   114,             LA_y IEEEX1 4,                   $y_{LA}$ IEEEX1 4
   115,             LA_y IEEEX1 5,                   $y_{LA}$ IEEEX1 5
   116,             LA_y IEEEX1 6,                   $y_{LA}$ IEEEX1 6
   117,             LA_y IEEEX1 7,                   $y_{LA}$ IEEEX1 7
   118,             LA_y IEEEX1 8,                   $y_{LA}$ IEEEX1 8
   119,             LA_y IEEEX1 9,                   $y_{LA}$ IEEEX1 9
   120,            LA_y IEEEX1 10,                  $y_{LA}$ IEEEX1 10
   121,              W_x IEEEX1 1,                   $x'_{W}$ IEEEX1 1
   122,              W_x IEEEX1 2,                   $x'_{W}$ IEEEX1 2
   123,              W_x IEEEX1 3,                   $x'_{W}$ IEEEX1 3
   124,              W_x IEEEX1 4,                   $x'_{W}$ IEEEX1 4
   125,              W_x IEEEX1 5,                   $x'_{W}$ IEEEX1 5
   126,              W_x IEEEX1 6,                   $x'_{W}$ IEEEX1 6
   127,              W_x IEEEX1 7,                   $x'_{W}$ IEEEX1 7
   128,              W_x IEEEX1 8,                   $x'_{W}$ IEEEX1 8
   129,              W_x IEEEX1 9,                   $x'_{W}$ IEEEX1 9
   130,             W_x IEEEX1 10,                  $x'_{W}$ IEEEX1 10
   131,             F1_x IEEEST 1,                  $x'_{F1}$ IEEEST 1
   132,             F1_x IEEEST 2,                  $x'_{F1}$ IEEEST 2
   133,             F1_x IEEEST 3,                  $x'_{F1}$ IEEEST 3
   134,             F1_x IEEEST 4,                  $x'_{F1}$ IEEEST 4
   135,             F1_x IEEEST 5,                  $x'_{F1}$ IEEEST 5
   136,             F1_x IEEEST 6,                  $x'_{F1}$ IEEEST 6
   137,             F1_x IEEEST 7,                  $x'_{F1}$ IEEEST 7
   138,             F1_x IEEEST 8,                  $x'_{F1}$ IEEEST 8
   139,             F1_x IEEEST 9,                  $x'_{F1}$ IEEEST 9
   140,            F1_x IEEEST 10,                 $x'_{F1}$ IEEEST 10
   141,             F1_y IEEEST 1,                   $y_{F1}$ IEEEST 1
   142,             F1_y IEEEST 2,                   $y_{F1}$ IEEEST 2
   143,             F1_y IEEEST 3,                   $y_{F1}$ IEEEST 3
   144,             F1_y IEEEST 4,                   $y_{F1}$ IEEEST 4
   145,             F1_y IEEEST 5,                   $y_{F1}$ IEEEST 5
   146,             F1_y IEEEST 6,                   $y_{F1}$ IEEEST 6
   147,             F1_y IEEEST 7,                   $y_{F1}$ IEEEST 7
   148,             F1_y IEEEST 8,                   $y_{F1}$ IEEEST 8
   149,             F1_y IEEEST 9,                   $y_{F1}$ IEEEST 9
   150,            F1_y IEEEST 10,                  $y_{F1}$ IEEEST 10
   151,            F2_x1 IEEEST 1,                  $x'_{F2}$ IEEEST 1
   152,            F2_x1 IEEEST 2,                  $x'_{F2}$ IEEEST 2
   153,            F2_x1 IEEEST 3,                  $x'_{F2}$ IEEEST 3
   154,            F2_x1 IEEEST 4,                  $x'_{F2}$ IEEEST 4
   155,            F2_x1 IEEEST 5,                  $x'_{F2}$ IEEEST 5
   156,            F2_x1 IEEEST 6,                  $x'_{F2}$ IEEEST 6
   157,            F2_x1 IEEEST 7,                  $x'_{F2}$ IEEEST 7
   158,            F2_x1 IEEEST 8,                  $x'_{F2}$ IEEEST 8
   159,            F2_x1 IEEEST 9,                  $x'_{F2}$ IEEEST 9
   160,           F2_x1 IEEEST 10,                 $x'_{F2}$ IEEEST 10
   161,            F2_x2 IEEEST 1,                 $x''_{F2}$ IEEEST 1
   162,            F2_x2 IEEEST 2,                 $x''_{F2}$ IEEEST 2
   163,            F2_x2 IEEEST 3,                 $x''_{F2}$ IEEEST 3
   164,            F2_x2 IEEEST 4,                 $x''_{F2}$ IEEEST 4
   165,            F2_x2 IEEEST 5,                 $x''_{F2}$ IEEEST 5
   166,            F2_x2 IEEEST 6,                 $x''_{F2}$ IEEEST 6
   167,            F2_x2 IEEEST 7,                 $x''_{F2}$ IEEEST 7
   168,            F2_x2 IEEEST 8,                 $x''_{F2}$ IEEEST 8
   169,            F2_x2 IEEEST 9,                 $x''_{F2}$ IEEEST 9
   170,           F2_x2 IEEEST 10,                $x''_{F2}$ IEEEST 10
   171,            LL1_x IEEEST 1,                 $x'_{LL1}$ IEEEST 1
   172,            LL1_x IEEEST 2,                 $x'_{LL1}$ IEEEST 2
   173,            LL1_x IEEEST 3,                 $x'_{LL1}$ IEEEST 3
   174,            LL1_x IEEEST 4,                 $x'_{LL1}$ IEEEST 4
   175,            LL1_x IEEEST 5,                 $x'_{LL1}$ IEEEST 5
   176,            LL1_x IEEEST 6,                 $x'_{LL1}$ IEEEST 6
   177,            LL1_x IEEEST 7,                 $x'_{LL1}$ IEEEST 7
   178,            LL1_x IEEEST 8,                 $x'_{LL1}$ IEEEST 8
   179,            LL1_x IEEEST 9,                 $x'_{LL1}$ IEEEST 9
   180,           LL1_x IEEEST 10,                $x'_{LL1}$ IEEEST 10
   181,            LL2_x IEEEST 1,                 $x'_{LL2}$ IEEEST 1
   182,            LL2_x IEEEST 2,                 $x'_{LL2}$ IEEEST 2
   183,            LL2_x IEEEST 3,                 $x'_{LL2}$ IEEEST 3
   184,            LL2_x IEEEST 4,                 $x'_{LL2}$ IEEEST 4
   185,            LL2_x IEEEST 5,                 $x'_{LL2}$ IEEEST 5
   186,            LL2_x IEEEST 6,                 $x'_{LL2}$ IEEEST 6
   187,            LL2_x IEEEST 7,                 $x'_{LL2}$ IEEEST 7
   188,            LL2_x IEEEST 8,                 $x'_{LL2}$ IEEEST 8
   189,            LL2_x IEEEST 9,                 $x'_{LL2}$ IEEEST 9
   190,           LL2_x IEEEST 10,                $x'_{LL2}$ IEEEST 10
   191,             WO_x IEEEST 1,                  $x'_{WO}$ IEEEST 1
   192,             WO_x IEEEST 2,                  $x'_{WO}$ IEEEST 2
   193,             WO_x IEEEST 3,                  $x'_{WO}$ IEEEST 3
   194,             WO_x IEEEST 4,                  $x'_{WO}$ IEEEST 4
   195,             WO_x IEEEST 5,                  $x'_{WO}$ IEEEST 5
   196,             WO_x IEEEST 6,                  $x'_{WO}$ IEEEST 6
   197,             WO_x IEEEST 7,                  $x'_{WO}$ IEEEST 7
   198,             WO_x IEEEST 8,                  $x'_{WO}$ IEEEST 8
   199,             WO_x IEEEST 9,                  $x'_{WO}$ IEEEST 9
   200,            WO_x IEEEST 10,                 $x'_{WO}$ IEEEST 10
   201,             L_y BusFreq 1,                   $y_{L}$ BusFreq 1
   202,             L_y BusFreq 2,                   $y_{L}$ BusFreq 2
   203,             L_y BusFreq 3,                   $y_{L}$ BusFreq 3
   204,             L_y BusFreq 4,                   $y_{L}$ BusFreq 4
   205,             L_y BusFreq 5,                   $y_{L}$ BusFreq 5
   206,             L_y BusFreq 6,                   $y_{L}$ BusFreq 6
   207,             L_y BusFreq 7,                   $y_{L}$ BusFreq 7
   208,             L_y BusFreq 8,                   $y_{L}$ BusFreq 8
   209,             L_y BusFreq 9,                   $y_{L}$ BusFreq 9
   210,            L_y BusFreq 10,                  $y_{L}$ BusFreq 10
   211,            WO_x BusFreq 1,                 $x'_{WO}$ BusFreq 1
   212,            WO_x BusFreq 2,                 $x'_{WO}$ BusFreq 2
   213,            WO_x BusFreq 3,                 $x'_{WO}$ BusFreq 3
   214,            WO_x BusFreq 4,                 $x'_{WO}$ BusFreq 4
   215,            WO_x BusFreq 5,                 $x'_{WO}$ BusFreq 5
   216,            WO_x BusFreq 6,                 $x'_{WO}$ BusFreq 6
   217,            WO_x BusFreq 7,                 $x'_{WO}$ BusFreq 7
   218,            WO_x BusFreq 8,                 $x'_{WO}$ BusFreq 8
   219,            WO_x BusFreq 9,                 $x'_{WO}$ BusFreq 9
   220,           WO_x BusFreq 10,                $x'_{WO}$ BusFreq 10
   221,                   a Bus 1,                      $\theta$ Bus 1
   222,                   a Bus 2,                      $\theta$ Bus 2
   223,                   a Bus 3,                      $\theta$ Bus 3
   224,                   a Bus 4,                      $\theta$ Bus 4
   225,                   a Bus 5,                      $\theta$ Bus 5
   226,                   a Bus 6,                      $\theta$ Bus 6
   227,                   a Bus 7,                      $\theta$ Bus 7
   228,                   a Bus 8,                      $\theta$ Bus 8
   229,                   a Bus 9,                      $\theta$ Bus 9
   230,                  a Bus 10,                     $\theta$ Bus 10
   231,                  a Bus 11,                     $\theta$ Bus 11
   232,                  a Bus 12,                     $\theta$ Bus 12
   233,                  a Bus 13,                     $\theta$ Bus 13
   234,                  a Bus 14,                     $\theta$ Bus 14
   235,                  a Bus 15,                     $\theta$ Bus 15
   236,                  a Bus 16,                     $\theta$ Bus 16
   237,                  a Bus 17,                     $\theta$ Bus 17
   238,                  a Bus 18,                     $\theta$ Bus 18
   239,                  a Bus 19,                     $\theta$ Bus 19
   240,                  a Bus 20,                     $\theta$ Bus 20
   241,                  a Bus 21,                     $\theta$ Bus 21
   242,                  a Bus 22,                     $\theta$ Bus 22
   243,                  a Bus 23,                     $\theta$ Bus 23
   244,                  a Bus 24,                     $\theta$ Bus 24
   245,                  a Bus 25,                     $\theta$ Bus 25
   246,                  a Bus 26,                     $\theta$ Bus 26
   247,                  a Bus 27,                     $\theta$ Bus 27
   248,                  a Bus 28,                     $\theta$ Bus 28
   249,                  a Bus 29,                     $\theta$ Bus 29
   250,                  a Bus 30,                     $\theta$ Bus 30
   251,                  a Bus 31,                     $\theta$ Bus 31
   252,                  a Bus 32,                     $\theta$ Bus 32
   253,                  a Bus 33,                     $\theta$ Bus 33
   254,                  a Bus 34,                     $\theta$ Bus 34
   255,                  a Bus 35,                     $\theta$ Bus 35
   256,                  a Bus 36,                     $\theta$ Bus 36
   257,                  a Bus 37,                     $\theta$ Bus 37
   258,                  a Bus 38,                     $\theta$ Bus 38
   259,                  a Bus 39,                     $\theta$ Bus 39
   260,                   v Bus 1,                           $V$ Bus 1
   261,                   v Bus 2,                           $V$ Bus 2
   262,                   v Bus 3,                           $V$ Bus 3
   263,                   v Bus 4,                           $V$ Bus 4
   264,                   v Bus 5,                           $V$ Bus 5
   265,                   v Bus 6,                           $V$ Bus 6
   266,                   v Bus 7,                           $V$ Bus 7
   267,                   v Bus 8,                           $V$ Bus 8
   268,                   v Bus 9,                           $V$ Bus 9
   269,                  v Bus 10,                          $V$ Bus 10
   270,                  v Bus 11,                          $V$ Bus 11
   271,                  v Bus 12,                          $V$ Bus 12
   272,                  v Bus 13,                          $V$ Bus 13
   273,                  v Bus 14,                          $V$ Bus 14
   274,                  v Bus 15,                          $V$ Bus 15
   275,                  v Bus 16,                          $V$ Bus 16
   276,                  v Bus 17,                          $V$ Bus 17
   277,                  v Bus 18,                          $V$ Bus 18
   278,                  v Bus 19,                          $V$ Bus 19
   279,                  v Bus 20,                          $V$ Bus 20
   280,                  v Bus 21,                          $V$ Bus 21
   281,                  v Bus 22,                          $V$ Bus 22
   282,                  v Bus 23,                          $V$ Bus 23
   283,                  v Bus 24,                          $V$ Bus 24
   284,                  v Bus 25,                          $V$ Bus 25
   285,                  v Bus 26,                          $V$ Bus 26
   286,                  v Bus 27,                          $V$ Bus 27
   287,                  v Bus 28,                          $V$ Bus 28
   288,                  v Bus 29,                          $V$ Bus 29
   289,                  v Bus 30,                          $V$ Bus 30
   290,                  v Bus 31,                          $V$ Bus 31
   291,                  v Bus 32,                          $V$ Bus 32
   292,                  v Bus 33,                          $V$ Bus 33
   293,                  v Bus 34,                          $V$ Bus 34
   294,                  v Bus 35,                          $V$ Bus 35
   295,                  v Bus 36,                          $V$ Bus 36
   296,                  v Bus 37,                          $V$ Bus 37
   297,                  v Bus 38,                          $V$ Bus 38
   298,                  v Bus 39,                          $V$ Bus 39
   299,                ace ACEc 1,                        $ace$ ACEc 1
   300,               Id GENROU 1,                      $I_d$ GENROU 1
   301,               Id GENROU 2,                      $I_d$ GENROU 2
   302,               Id GENROU 3,                      $I_d$ GENROU 3
   303,               Id GENROU 4,                      $I_d$ GENROU 4
   304,               Id GENROU 5,                      $I_d$ GENROU 5
   305,               Id GENROU 6,                      $I_d$ GENROU 6
   306,               Id GENROU 7,                      $I_d$ GENROU 7
   307,               Id GENROU 8,                      $I_d$ GENROU 8
   308,               Id GENROU 9,                      $I_d$ GENROU 9
   309,              Id GENROU 10,                     $I_d$ GENROU 10
   310,               Iq GENROU 1,                      $I_q$ GENROU 1
   311,               Iq GENROU 2,                      $I_q$ GENROU 2
   312,               Iq GENROU 3,                      $I_q$ GENROU 3
   313,               Iq GENROU 4,                      $I_q$ GENROU 4
   314,               Iq GENROU 5,                      $I_q$ GENROU 5
   315,               Iq GENROU 6,                      $I_q$ GENROU 6
   316,               Iq GENROU 7,                      $I_q$ GENROU 7
   317,               Iq GENROU 8,                      $I_q$ GENROU 8
   318,               Iq GENROU 9,                      $I_q$ GENROU 9
   319,              Iq GENROU 10,                     $I_q$ GENROU 10
   320,               vd GENROU 1,                      $V_d$ GENROU 1
   321,               vd GENROU 2,                      $V_d$ GENROU 2
   322,               vd GENROU 3,                      $V_d$ GENROU 3
   323,               vd GENROU 4,                      $V_d$ GENROU 4
   324,               vd GENROU 5,                      $V_d$ GENROU 5
   325,               vd GENROU 6,                      $V_d$ GENROU 6
   326,               vd GENROU 7,                      $V_d$ GENROU 7
   327,               vd GENROU 8,                      $V_d$ GENROU 8
   328,               vd GENROU 9,                      $V_d$ GENROU 9
   329,              vd GENROU 10,                     $V_d$ GENROU 10
   330,               vq GENROU 1,                      $V_q$ GENROU 1
   331,               vq GENROU 2,                      $V_q$ GENROU 2
   332,               vq GENROU 3,                      $V_q$ GENROU 3
   333,               vq GENROU 4,                      $V_q$ GENROU 4
   334,               vq GENROU 5,                      $V_q$ GENROU 5
   335,               vq GENROU 6,                      $V_q$ GENROU 6
   336,               vq GENROU 7,                      $V_q$ GENROU 7
   337,               vq GENROU 8,                      $V_q$ GENROU 8
   338,               vq GENROU 9,                      $V_q$ GENROU 9
   339,              vq GENROU 10,                     $V_q$ GENROU 10
   340,               tm GENROU 1,                   $\tau_m$ GENROU 1
   341,               tm GENROU 2,                   $\tau_m$ GENROU 2
   342,               tm GENROU 3,                   $\tau_m$ GENROU 3
   343,               tm GENROU 4,                   $\tau_m$ GENROU 4
   344,               tm GENROU 5,                   $\tau_m$ GENROU 5
   345,               tm GENROU 6,                   $\tau_m$ GENROU 6
   346,               tm GENROU 7,                   $\tau_m$ GENROU 7
   347,               tm GENROU 8,                   $\tau_m$ GENROU 8
   348,               tm GENROU 9,                   $\tau_m$ GENROU 9
   349,              tm GENROU 10,                  $\tau_m$ GENROU 10
   350,               te GENROU 1,                   $\tau_e$ GENROU 1
   351,               te GENROU 2,                   $\tau_e$ GENROU 2
   352,               te GENROU 3,                   $\tau_e$ GENROU 3
   353,               te GENROU 4,                   $\tau_e$ GENROU 4
   354,               te GENROU 5,                   $\tau_e$ GENROU 5
   355,               te GENROU 6,                   $\tau_e$ GENROU 6
   356,               te GENROU 7,                   $\tau_e$ GENROU 7
   357,               te GENROU 8,                   $\tau_e$ GENROU 8
   358,               te GENROU 9,                   $\tau_e$ GENROU 9
   359,              te GENROU 10,                  $\tau_e$ GENROU 10
   360,               vf GENROU 1,                      $v_f$ GENROU 1
   361,               vf GENROU 2,                      $v_f$ GENROU 2
   362,               vf GENROU 3,                      $v_f$ GENROU 3
   363,               vf GENROU 4,                      $v_f$ GENROU 4
   364,               vf GENROU 5,                      $v_f$ GENROU 5
   365,               vf GENROU 6,                      $v_f$ GENROU 6
   366,               vf GENROU 7,                      $v_f$ GENROU 7
   367,               vf GENROU 8,                      $v_f$ GENROU 8
   368,               vf GENROU 9,                      $v_f$ GENROU 9
   369,              vf GENROU 10,                     $v_f$ GENROU 10
   370,           XadIfd GENROU 1,             $X_{ad}I_{fd}$ GENROU 1
   371,           XadIfd GENROU 2,             $X_{ad}I_{fd}$ GENROU 2
   372,           XadIfd GENROU 3,             $X_{ad}I_{fd}$ GENROU 3
   373,           XadIfd GENROU 4,             $X_{ad}I_{fd}$ GENROU 4
   374,           XadIfd GENROU 5,             $X_{ad}I_{fd}$ GENROU 5
   375,           XadIfd GENROU 6,             $X_{ad}I_{fd}$ GENROU 6
   376,           XadIfd GENROU 7,             $X_{ad}I_{fd}$ GENROU 7
   377,           XadIfd GENROU 8,             $X_{ad}I_{fd}$ GENROU 8
   378,           XadIfd GENROU 9,             $X_{ad}I_{fd}$ GENROU 9
   379,          XadIfd GENROU 10,            $X_{ad}I_{fd}$ GENROU 10
   380,               Pe GENROU 1,                      $P_e$ GENROU 1
   381,               Pe GENROU 2,                      $P_e$ GENROU 2
   382,               Pe GENROU 3,                      $P_e$ GENROU 3
   383,               Pe GENROU 4,                      $P_e$ GENROU 4
   384,               Pe GENROU 5,                      $P_e$ GENROU 5
   385,               Pe GENROU 6,                      $P_e$ GENROU 6
   386,               Pe GENROU 7,                      $P_e$ GENROU 7
   387,               Pe GENROU 8,                      $P_e$ GENROU 8
   388,               Pe GENROU 9,                      $P_e$ GENROU 9
   389,              Pe GENROU 10,                     $P_e$ GENROU 10
   390,               Qe GENROU 1,                      $Q_e$ GENROU 1
   391,               Qe GENROU 2,                      $Q_e$ GENROU 2
   392,               Qe GENROU 3,                      $Q_e$ GENROU 3
   393,               Qe GENROU 4,                      $Q_e$ GENROU 4
   394,               Qe GENROU 5,                      $Q_e$ GENROU 5
   395,               Qe GENROU 6,                      $Q_e$ GENROU 6
   396,               Qe GENROU 7,                      $Q_e$ GENROU 7
   397,               Qe GENROU 8,                      $Q_e$ GENROU 8
   398,               Qe GENROU 9,                      $Q_e$ GENROU 9
   399,              Qe GENROU 10,                     $Q_e$ GENROU 10
   400,             psid GENROU 1,                   $\psi_d$ GENROU 1
   401,             psid GENROU 2,                   $\psi_d$ GENROU 2
   402,             psid GENROU 3,                   $\psi_d$ GENROU 3
   403,             psid GENROU 4,                   $\psi_d$ GENROU 4
   404,             psid GENROU 5,                   $\psi_d$ GENROU 5
   405,             psid GENROU 6,                   $\psi_d$ GENROU 6
   406,             psid GENROU 7,                   $\psi_d$ GENROU 7
   407,             psid GENROU 8,                   $\psi_d$ GENROU 8
   408,             psid GENROU 9,                   $\psi_d$ GENROU 9
   409,            psid GENROU 10,                  $\psi_d$ GENROU 10
   410,             psiq GENROU 1,                   $\psi_q$ GENROU 1
   411,             psiq GENROU 2,                   $\psi_q$ GENROU 2
   412,             psiq GENROU 3,                   $\psi_q$ GENROU 3
   413,             psiq GENROU 4,                   $\psi_q$ GENROU 4
   414,             psiq GENROU 5,                   $\psi_q$ GENROU 5
   415,             psiq GENROU 6,                   $\psi_q$ GENROU 6
   416,             psiq GENROU 7,                   $\psi_q$ GENROU 7
   417,             psiq GENROU 8,                   $\psi_q$ GENROU 8
   418,             psiq GENROU 9,                   $\psi_q$ GENROU 9
   419,            psiq GENROU 10,                  $\psi_q$ GENROU 10
   420,            psi2q GENROU 1,                $\psi_{aq}$ GENROU 1
   421,            psi2q GENROU 2,                $\psi_{aq}$ GENROU 2
   422,            psi2q GENROU 3,                $\psi_{aq}$ GENROU 3
   423,            psi2q GENROU 4,                $\psi_{aq}$ GENROU 4
   424,            psi2q GENROU 5,                $\psi_{aq}$ GENROU 5
   425,            psi2q GENROU 6,                $\psi_{aq}$ GENROU 6
   426,            psi2q GENROU 7,                $\psi_{aq}$ GENROU 7
   427,            psi2q GENROU 8,                $\psi_{aq}$ GENROU 8
   428,            psi2q GENROU 9,                $\psi_{aq}$ GENROU 9
   429,           psi2q GENROU 10,               $\psi_{aq}$ GENROU 10
   430,            psi2d GENROU 1,                $\psi_{ad}$ GENROU 1
   431,            psi2d GENROU 2,                $\psi_{ad}$ GENROU 2
   432,            psi2d GENROU 3,                $\psi_{ad}$ GENROU 3
   433,            psi2d GENROU 4,                $\psi_{ad}$ GENROU 4
   434,            psi2d GENROU 5,                $\psi_{ad}$ GENROU 5
   435,            psi2d GENROU 6,                $\psi_{ad}$ GENROU 6
   436,            psi2d GENROU 7,                $\psi_{ad}$ GENROU 7
   437,            psi2d GENROU 8,                $\psi_{ad}$ GENROU 8
   438,            psi2d GENROU 9,                $\psi_{ad}$ GENROU 9
   439,           psi2d GENROU 10,               $\psi_{ad}$ GENROU 10
   440,             psi2 GENROU 1,                   $\psi_a$ GENROU 1
   441,             psi2 GENROU 2,                   $\psi_a$ GENROU 2
   442,             psi2 GENROU 3,                   $\psi_a$ GENROU 3
   443,             psi2 GENROU 4,                   $\psi_a$ GENROU 4
   444,             psi2 GENROU 5,                   $\psi_a$ GENROU 5
   445,             psi2 GENROU 6,                   $\psi_a$ GENROU 6
   446,             psi2 GENROU 7,                   $\psi_a$ GENROU 7
   447,             psi2 GENROU 8,                   $\psi_a$ GENROU 8
   448,             psi2 GENROU 9,                   $\psi_a$ GENROU 9
   449,            psi2 GENROU 10,                  $\psi_a$ GENROU 10
   450,               Se GENROU 1,          $S_e(|\psi_{a}|)$ GENROU 1
   451,               Se GENROU 2,          $S_e(|\psi_{a}|)$ GENROU 2
   452,               Se GENROU 3,          $S_e(|\psi_{a}|)$ GENROU 3
   453,               Se GENROU 4,          $S_e(|\psi_{a}|)$ GENROU 4
   454,               Se GENROU 5,          $S_e(|\psi_{a}|)$ GENROU 5
   455,               Se GENROU 6,          $S_e(|\psi_{a}|)$ GENROU 6
   456,               Se GENROU 7,          $S_e(|\psi_{a}|)$ GENROU 7
   457,               Se GENROU 8,          $S_e(|\psi_{a}|)$ GENROU 8
   458,               Se GENROU 9,          $S_e(|\psi_{a}|)$ GENROU 9
   459,              Se GENROU 10,         $S_e(|\psi_{a}|)$ GENROU 10
   460,           XaqI1q GENROU 1,             $X_{aq}I_{1q}$ GENROU 1
   461,           XaqI1q GENROU 2,             $X_{aq}I_{1q}$ GENROU 2
   462,           XaqI1q GENROU 3,             $X_{aq}I_{1q}$ GENROU 3
   463,           XaqI1q GENROU 4,             $X_{aq}I_{1q}$ GENROU 4
   464,           XaqI1q GENROU 5,             $X_{aq}I_{1q}$ GENROU 5
   465,           XaqI1q GENROU 6,             $X_{aq}I_{1q}$ GENROU 6
   466,           XaqI1q GENROU 7,             $X_{aq}I_{1q}$ GENROU 7
   467,           XaqI1q GENROU 8,             $X_{aq}I_{1q}$ GENROU 8
   468,           XaqI1q GENROU 9,             $X_{aq}I_{1q}$ GENROU 9
   469,          XaqI1q GENROU 10,            $X_{aq}I_{1q}$ GENROU 10
   470,       paux TGOV1N TGOV1 1,            $P_{aux}$ TGOV1N TGOV1 1
   471,       paux TGOV1N TGOV1 2,            $P_{aux}$ TGOV1N TGOV1 2
   472,       paux TGOV1N TGOV1 3,            $P_{aux}$ TGOV1N TGOV1 3
   473,       paux TGOV1N TGOV1 4,            $P_{aux}$ TGOV1N TGOV1 4
   474,       paux TGOV1N TGOV1 5,            $P_{aux}$ TGOV1N TGOV1 5
   475,       paux TGOV1N TGOV1 6,            $P_{aux}$ TGOV1N TGOV1 6
   476,       paux TGOV1N TGOV1 7,            $P_{aux}$ TGOV1N TGOV1 7
   477,       paux TGOV1N TGOV1 8,            $P_{aux}$ TGOV1N TGOV1 8
   478,       paux TGOV1N TGOV1 9,            $P_{aux}$ TGOV1N TGOV1 9
   479,      paux TGOV1N TGOV1 10,           $P_{aux}$ TGOV1N TGOV1 10
   480,       pout TGOV1N TGOV1 1,            $P_{out}$ TGOV1N TGOV1 1
   481,       pout TGOV1N TGOV1 2,            $P_{out}$ TGOV1N TGOV1 2
   482,       pout TGOV1N TGOV1 3,            $P_{out}$ TGOV1N TGOV1 3
   483,       pout TGOV1N TGOV1 4,            $P_{out}$ TGOV1N TGOV1 4
   484,       pout TGOV1N TGOV1 5,            $P_{out}$ TGOV1N TGOV1 5
   485,       pout TGOV1N TGOV1 6,            $P_{out}$ TGOV1N TGOV1 6
   486,       pout TGOV1N TGOV1 7,            $P_{out}$ TGOV1N TGOV1 7
   487,       pout TGOV1N TGOV1 8,            $P_{out}$ TGOV1N TGOV1 8
   488,       pout TGOV1N TGOV1 9,            $P_{out}$ TGOV1N TGOV1 9
   489,      pout TGOV1N TGOV1 10,           $P_{out}$ TGOV1N TGOV1 10
   490,       wref TGOV1N TGOV1 1,       $\omega_{ref}$ TGOV1N TGOV1 1
   491,       wref TGOV1N TGOV1 2,       $\omega_{ref}$ TGOV1N TGOV1 2
   492,       wref TGOV1N TGOV1 3,       $\omega_{ref}$ TGOV1N TGOV1 3
   493,       wref TGOV1N TGOV1 4,       $\omega_{ref}$ TGOV1N TGOV1 4
   494,       wref TGOV1N TGOV1 5,       $\omega_{ref}$ TGOV1N TGOV1 5
   495,       wref TGOV1N TGOV1 6,       $\omega_{ref}$ TGOV1N TGOV1 6
   496,       wref TGOV1N TGOV1 7,       $\omega_{ref}$ TGOV1N TGOV1 7
   497,       wref TGOV1N TGOV1 8,       $\omega_{ref}$ TGOV1N TGOV1 8
   498,       wref TGOV1N TGOV1 9,       $\omega_{ref}$ TGOV1N TGOV1 9
   499,      wref TGOV1N TGOV1 10,      $\omega_{ref}$ TGOV1N TGOV1 10
   500,       pref TGOV1N TGOV1 1,            $P_{ref}$ TGOV1N TGOV1 1
   501,       pref TGOV1N TGOV1 2,            $P_{ref}$ TGOV1N TGOV1 2
   502,       pref TGOV1N TGOV1 3,            $P_{ref}$ TGOV1N TGOV1 3
   503,       pref TGOV1N TGOV1 4,            $P_{ref}$ TGOV1N TGOV1 4
   504,       pref TGOV1N TGOV1 5,            $P_{ref}$ TGOV1N TGOV1 5
   505,       pref TGOV1N TGOV1 6,            $P_{ref}$ TGOV1N TGOV1 6
   506,       pref TGOV1N TGOV1 7,            $P_{ref}$ TGOV1N TGOV1 7
   507,       pref TGOV1N TGOV1 8,            $P_{ref}$ TGOV1N TGOV1 8
   508,       pref TGOV1N TGOV1 9,            $P_{ref}$ TGOV1N TGOV1 9
   509,      pref TGOV1N TGOV1 10,           $P_{ref}$ TGOV1N TGOV1 10
   510,         wd TGOV1N TGOV1 1,       $\omega_{dev}$ TGOV1N TGOV1 1
   511,         wd TGOV1N TGOV1 2,       $\omega_{dev}$ TGOV1N TGOV1 2
   512,         wd TGOV1N TGOV1 3,       $\omega_{dev}$ TGOV1N TGOV1 3
   513,         wd TGOV1N TGOV1 4,       $\omega_{dev}$ TGOV1N TGOV1 4
   514,         wd TGOV1N TGOV1 5,       $\omega_{dev}$ TGOV1N TGOV1 5
   515,         wd TGOV1N TGOV1 6,       $\omega_{dev}$ TGOV1N TGOV1 6
   516,         wd TGOV1N TGOV1 7,       $\omega_{dev}$ TGOV1N TGOV1 7
   517,         wd TGOV1N TGOV1 8,       $\omega_{dev}$ TGOV1N TGOV1 8
   518,         wd TGOV1N TGOV1 9,       $\omega_{dev}$ TGOV1N TGOV1 9
   519,        wd TGOV1N TGOV1 10,      $\omega_{dev}$ TGOV1N TGOV1 10
   520,         pd TGOV1N TGOV1 1,                $P_d$ TGOV1N TGOV1 1
   521,         pd TGOV1N TGOV1 2,                $P_d$ TGOV1N TGOV1 2
   522,         pd TGOV1N TGOV1 3,                $P_d$ TGOV1N TGOV1 3
   523,         pd TGOV1N TGOV1 4,                $P_d$ TGOV1N TGOV1 4
   524,         pd TGOV1N TGOV1 5,                $P_d$ TGOV1N TGOV1 5
   525,         pd TGOV1N TGOV1 6,                $P_d$ TGOV1N TGOV1 6
   526,         pd TGOV1N TGOV1 7,                $P_d$ TGOV1N TGOV1 7
   527,         pd TGOV1N TGOV1 8,                $P_d$ TGOV1N TGOV1 8
   528,         pd TGOV1N TGOV1 9,                $P_d$ TGOV1N TGOV1 9
   529,        pd TGOV1N TGOV1 10,               $P_d$ TGOV1N TGOV1 10
   530,       LL_y TGOV1N TGOV1 1,             $y_{LL}$ TGOV1N TGOV1 1
   531,       LL_y TGOV1N TGOV1 2,             $y_{LL}$ TGOV1N TGOV1 2
   532,       LL_y TGOV1N TGOV1 3,             $y_{LL}$ TGOV1N TGOV1 3
   533,       LL_y TGOV1N TGOV1 4,             $y_{LL}$ TGOV1N TGOV1 4
   534,       LL_y TGOV1N TGOV1 5,             $y_{LL}$ TGOV1N TGOV1 5
   535,       LL_y TGOV1N TGOV1 6,             $y_{LL}$ TGOV1N TGOV1 6
   536,       LL_y TGOV1N TGOV1 7,             $y_{LL}$ TGOV1N TGOV1 7
   537,       LL_y TGOV1N TGOV1 8,             $y_{LL}$ TGOV1N TGOV1 8
   538,       LL_y TGOV1N TGOV1 9,             $y_{LL}$ TGOV1N TGOV1 9
   539,      LL_y TGOV1N TGOV1 10,            $y_{LL}$ TGOV1N TGOV1 10
   540,                v IEEEX1 1,                 $E_{term}$ IEEEX1 1
   541,                v IEEEX1 2,                 $E_{term}$ IEEEX1 2
   542,                v IEEEX1 3,                 $E_{term}$ IEEEX1 3
   543,                v IEEEX1 4,                 $E_{term}$ IEEEX1 4
   544,                v IEEEX1 5,                 $E_{term}$ IEEEX1 5
   545,                v IEEEX1 6,                 $E_{term}$ IEEEX1 6
   546,                v IEEEX1 7,                 $E_{term}$ IEEEX1 7
   547,                v IEEEX1 8,                 $E_{term}$ IEEEX1 8
   548,                v IEEEX1 9,                 $E_{term}$ IEEEX1 9
   549,               v IEEEX1 10,                $E_{term}$ IEEEX1 10
   550,             vout IEEEX1 1,                  $v_{out}$ IEEEX1 1
   551,             vout IEEEX1 2,                  $v_{out}$ IEEEX1 2
   552,             vout IEEEX1 3,                  $v_{out}$ IEEEX1 3
   553,             vout IEEEX1 4,                  $v_{out}$ IEEEX1 4
   554,             vout IEEEX1 5,                  $v_{out}$ IEEEX1 5
   555,             vout IEEEX1 6,                  $v_{out}$ IEEEX1 6
   556,             vout IEEEX1 7,                  $v_{out}$ IEEEX1 7
   557,             vout IEEEX1 8,                  $v_{out}$ IEEEX1 8
   558,             vout IEEEX1 9,                  $v_{out}$ IEEEX1 9
   559,            vout IEEEX1 10,                 $v_{out}$ IEEEX1 10
   560,             vref IEEEX1 1,                  $V_{ref}$ IEEEX1 1
   561,             vref IEEEX1 2,                  $V_{ref}$ IEEEX1 2
   562,             vref IEEEX1 3,                  $V_{ref}$ IEEEX1 3
   563,             vref IEEEX1 4,                  $V_{ref}$ IEEEX1 4
   564,             vref IEEEX1 5,                  $V_{ref}$ IEEEX1 5
   565,             vref IEEEX1 6,                  $V_{ref}$ IEEEX1 6
   566,             vref IEEEX1 7,                  $V_{ref}$ IEEEX1 7
   567,             vref IEEEX1 8,                  $V_{ref}$ IEEEX1 8
   568,             vref IEEEX1 9,                  $V_{ref}$ IEEEX1 9
   569,            vref IEEEX1 10,                 $V_{ref}$ IEEEX1 10
   570,               Se IEEEX1 1,           $S_e(|V_{out}|)$ IEEEX1 1
   571,               Se IEEEX1 2,           $S_e(|V_{out}|)$ IEEEX1 2
   572,               Se IEEEX1 3,           $S_e(|V_{out}|)$ IEEEX1 3
   573,               Se IEEEX1 4,           $S_e(|V_{out}|)$ IEEEX1 4
   574,               Se IEEEX1 5,           $S_e(|V_{out}|)$ IEEEX1 5
   575,               Se IEEEX1 6,           $S_e(|V_{out}|)$ IEEEX1 6
   576,               Se IEEEX1 7,           $S_e(|V_{out}|)$ IEEEX1 7
   577,               Se IEEEX1 8,           $S_e(|V_{out}|)$ IEEEX1 8
   578,               Se IEEEX1 9,           $S_e(|V_{out}|)$ IEEEX1 9
   579,              Se IEEEX1 10,          $S_e(|V_{out}|)$ IEEEX1 10
   580,               vi IEEEX1 1,                      $V_i$ IEEEX1 1
   581,               vi IEEEX1 2,                      $V_i$ IEEEX1 2
   582,               vi IEEEX1 3,                      $V_i$ IEEEX1 3
   583,               vi IEEEX1 4,                      $V_i$ IEEEX1 4
   584,               vi IEEEX1 5,                      $V_i$ IEEEX1 5
   585,               vi IEEEX1 6,                      $V_i$ IEEEX1 6
   586,               vi IEEEX1 7,                      $V_i$ IEEEX1 7
   587,               vi IEEEX1 8,                      $V_i$ IEEEX1 8
   588,               vi IEEEX1 9,                      $V_i$ IEEEX1 9
   589,              vi IEEEX1 10,                     $V_i$ IEEEX1 10
   590,             LL_y IEEEX1 1,                   $y_{LL}$ IEEEX1 1
   591,             LL_y IEEEX1 2,                   $y_{LL}$ IEEEX1 2
   592,             LL_y IEEEX1 3,                   $y_{LL}$ IEEEX1 3
   593,             LL_y IEEEX1 4,                   $y_{LL}$ IEEEX1 4
   594,             LL_y IEEEX1 5,                   $y_{LL}$ IEEEX1 5
   595,             LL_y IEEEX1 6,                   $y_{LL}$ IEEEX1 6
   596,             LL_y IEEEX1 7,                   $y_{LL}$ IEEEX1 7
   597,             LL_y IEEEX1 8,                   $y_{LL}$ IEEEX1 8
   598,             LL_y IEEEX1 9,                   $y_{LL}$ IEEEX1 9
   599,            LL_y IEEEX1 10,                  $y_{LL}$ IEEEX1 10
   600,              W_y IEEEX1 1,                    $y_{W}$ IEEEX1 1
   601,              W_y IEEEX1 2,                    $y_{W}$ IEEEX1 2
   602,              W_y IEEEX1 3,                    $y_{W}$ IEEEX1 3
   603,              W_y IEEEX1 4,                    $y_{W}$ IEEEX1 4
   604,              W_y IEEEX1 5,                    $y_{W}$ IEEEX1 5
   605,              W_y IEEEX1 6,                    $y_{W}$ IEEEX1 6
   606,              W_y IEEEX1 7,                    $y_{W}$ IEEEX1 7
   607,              W_y IEEEX1 8,                    $y_{W}$ IEEEX1 8
   608,              W_y IEEEX1 9,                    $y_{W}$ IEEEX1 9
   609,             W_y IEEEX1 10,                   $y_{W}$ IEEEX1 10
   610,            vsout IEEEST 1,                 $v_{sout}$ IEEEST 1
   611,            vsout IEEEST 2,                 $v_{sout}$ IEEEST 2
   612,            vsout IEEEST 3,                 $v_{sout}$ IEEEST 3
   613,            vsout IEEEST 4,                 $v_{sout}$ IEEEST 4
   614,            vsout IEEEST 5,                 $v_{sout}$ IEEEST 5
   615,            vsout IEEEST 6,                 $v_{sout}$ IEEEST 6
   616,            vsout IEEEST 7,                 $v_{sout}$ IEEEST 7
   617,            vsout IEEEST 8,                 $v_{sout}$ IEEEST 8
   618,            vsout IEEEST 9,                 $v_{sout}$ IEEEST 9
   619,           vsout IEEEST 10,                $v_{sout}$ IEEEST 10
   620,              sig IEEEST 1,                   $S_{ig}$ IEEEST 1
   621,              sig IEEEST 2,                   $S_{ig}$ IEEEST 2
   622,              sig IEEEST 3,                   $S_{ig}$ IEEEST 3
   623,              sig IEEEST 4,                   $S_{ig}$ IEEEST 4
   624,              sig IEEEST 5,                   $S_{ig}$ IEEEST 5
   625,              sig IEEEST 6,                   $S_{ig}$ IEEEST 6
   626,              sig IEEEST 7,                   $S_{ig}$ IEEEST 7
   627,              sig IEEEST 8,                   $S_{ig}$ IEEEST 8
   628,              sig IEEEST 9,                   $S_{ig}$ IEEEST 9
   629,             sig IEEEST 10,                  $S_{ig}$ IEEEST 10
   630,             F2_y IEEEST 1,                   $y_{F2}$ IEEEST 1
   631,             F2_y IEEEST 2,                   $y_{F2}$ IEEEST 2
   632,             F2_y IEEEST 3,                   $y_{F2}$ IEEEST 3
   633,             F2_y IEEEST 4,                   $y_{F2}$ IEEEST 4
   634,             F2_y IEEEST 5,                   $y_{F2}$ IEEEST 5
   635,             F2_y IEEEST 6,                   $y_{F2}$ IEEEST 6
   636,             F2_y IEEEST 7,                   $y_{F2}$ IEEEST 7
   637,             F2_y IEEEST 8,                   $y_{F2}$ IEEEST 8
   638,             F2_y IEEEST 9,                   $y_{F2}$ IEEEST 9
   639,            F2_y IEEEST 10,                  $y_{F2}$ IEEEST 10
   640,            LL1_y IEEEST 1,                  $y_{LL1}$ IEEEST 1
   641,            LL1_y IEEEST 2,                  $y_{LL1}$ IEEEST 2
   642,            LL1_y IEEEST 3,                  $y_{LL1}$ IEEEST 3
   643,            LL1_y IEEEST 4,                  $y_{LL1}$ IEEEST 4
   644,            LL1_y IEEEST 5,                  $y_{LL1}$ IEEEST 5
   645,            LL1_y IEEEST 6,                  $y_{LL1}$ IEEEST 6
   646,            LL1_y IEEEST 7,                  $y_{LL1}$ IEEEST 7
   647,            LL1_y IEEEST 8,                  $y_{LL1}$ IEEEST 8
   648,            LL1_y IEEEST 9,                  $y_{LL1}$ IEEEST 9
   649,           LL1_y IEEEST 10,                 $y_{LL1}$ IEEEST 10
   650,            LL2_y IEEEST 1,                  $y_{LL2}$ IEEEST 1
   651,            LL2_y IEEEST 2,                  $y_{LL2}$ IEEEST 2
   652,            LL2_y IEEEST 3,                  $y_{LL2}$ IEEEST 3
   653,            LL2_y IEEEST 4,                  $y_{LL2}$ IEEEST 4
   654,            LL2_y IEEEST 5,                  $y_{LL2}$ IEEEST 5
   655,            LL2_y IEEEST 6,                  $y_{LL2}$ IEEEST 6
   656,            LL2_y IEEEST 7,                  $y_{LL2}$ IEEEST 7
   657,            LL2_y IEEEST 8,                  $y_{LL2}$ IEEEST 8
   658,            LL2_y IEEEST 9,                  $y_{LL2}$ IEEEST 9
   659,           LL2_y IEEEST 10,                 $y_{LL2}$ IEEEST 10
   660,             WO_y IEEEST 1,                   $y_{WO}$ IEEEST 1
   661,             WO_y IEEEST 2,                   $y_{WO}$ IEEEST 2
   662,             WO_y IEEEST 3,                   $y_{WO}$ IEEEST 3
   663,             WO_y IEEEST 4,                   $y_{WO}$ IEEEST 4
   664,             WO_y IEEEST 5,                   $y_{WO}$ IEEEST 5
   665,             WO_y IEEEST 6,                   $y_{WO}$ IEEEST 6
   666,             WO_y IEEEST 7,                   $y_{WO}$ IEEEST 7
   667,             WO_y IEEEST 8,                   $y_{WO}$ IEEEST 8
   668,             WO_y IEEEST 9,                   $y_{WO}$ IEEEST 9
   669,            WO_y IEEEST 10,                  $y_{WO}$ IEEEST 10
   670,              Vss IEEEST 1,                   $V_{ss}$ IEEEST 1
   671,              Vss IEEEST 2,                   $V_{ss}$ IEEEST 2
   672,              Vss IEEEST 3,                   $V_{ss}$ IEEEST 3
   673,              Vss IEEEST 4,                   $V_{ss}$ IEEEST 4
   674,              Vss IEEEST 5,                   $V_{ss}$ IEEEST 5
   675,              Vss IEEEST 6,                   $V_{ss}$ IEEEST 6
   676,              Vss IEEEST 7,                   $V_{ss}$ IEEEST 7
   677,              Vss IEEEST 8,                   $V_{ss}$ IEEEST 8
   678,              Vss IEEEST 9,                   $V_{ss}$ IEEEST 9
   679,             Vss IEEEST 10,                  $V_{ss}$ IEEEST 10
   680,            WO_y BusFreq 1,                  $y_{WO}$ BusFreq 1
   681,            WO_y BusFreq 2,                  $y_{WO}$ BusFreq 2
   682,            WO_y BusFreq 3,                  $y_{WO}$ BusFreq 3
   683,            WO_y BusFreq 4,                  $y_{WO}$ BusFreq 4
   684,            WO_y BusFreq 5,                  $y_{WO}$ BusFreq 5
   685,            WO_y BusFreq 6,                  $y_{WO}$ BusFreq 6
   686,            WO_y BusFreq 7,                  $y_{WO}$ BusFreq 7
   687,            WO_y BusFreq 8,                  $y_{WO}$ BusFreq 8
   688,            WO_y BusFreq 9,                  $y_{WO}$ BusFreq 9
   689,           WO_y BusFreq 10,                 $y_{WO}$ BusFreq 10
   690,               f BusFreq 1,                       $f$ BusFreq 1
   691,               f BusFreq 2,                       $f$ BusFreq 2
   692,               f BusFreq 3,                       $f$ BusFreq 3
   693,               f BusFreq 4,                       $f$ BusFreq 4
   694,               f BusFreq 5,                       $f$ BusFreq 5
   695,               f BusFreq 6,                       $f$ BusFreq 6
   696,               f BusFreq 7,                       $f$ BusFreq 7
   697,               f BusFreq 8,                       $f$ BusFreq 8
   698,               f BusFreq 9,                       $f$ BusFreq 9
   699,              f BusFreq 10,                      $f$ BusFreq 10
